============================= test session starts =============================
platform win32 -- Python 3.13.3, pytest-9.0.1, pluggy-1.6.0
rootdir: C:\Users\Isaiah Myles\.gemini\antigravity\scratch\osint_tool
plugins: asyncio-1.3.0
asyncio: mode=Mode.STRICT, debug=False, asyncio_default_fixture_loop_scope=None, asyncio_default_test_loop_scope=function
collected 0 items / 1 error

=================================== ERRORS ====================================
________________ ERROR collecting tests/test_security_fixes.py ________________
ImportError while importing test module 'C:\Users\Isaiah Myles\.gemini\antigravity\scratch\osint_tool\tests\test_security_fixes.py'.
Hint: make sure your test modules/packages have valid Python names.
Traceback:
..\..\..\..\AppData\Local\Programs\Python\Python313\Lib\importlib\__init__.py:88: in import_module
    return _bootstrap._gcd_import(name[level:], package, level)
           ^^^^^^^^^^^^^^^^^^^^^^^^^^^^^^^^^^^^^^^^^^^^^^^^^^^^
tests\test_security_fixes.py:9: in <module>
    from src.modules.passive_intelligence import PassiveIntelligenceModule
src\modules\passive_intelligence.py:6: in <module>
    from src.core.async_request_manager import AsyncRequestManager
src\core\async_request_manager.py:2: in <module>
    import aiohttp
E   ModuleNotFoundError: No module named 'aiohttp'
=========================== short test summary info ===========================
ERROR tests/test_security_fixes.py
!!!!!!!!!!!!!!!!!!! Interrupted: 1 error during collection !!!!!!!!!!!!!!!!!!!!
============================== 1 error in 0.18s ===============================
